-- Found ament_cmake: 2.8.7 (/opt/ros/lyrical/share/ament_cmake/cmake)
-- Found rclcpp: 32.0.0 (/opt/ros/lyrical/share/rclcpp/cmake)
-- Found rosidl_generator_c: 5.2.0 (/opt/ros/lyrical/share/rosidl_generator_c/cmake)
-- Found rosidl_generator_cpp: 5.2.0 (/opt/ros/lyrical/share/rosidl_generator_cpp/cmake)
-- Using all available rosidl_typesupport_c: rosidl_typesupport_fastrtps_c;rosidl_typesupport_introspection_c
-- Using all available rosidl_typesupport_cpp: rosidl_typesupport_fastrtps_cpp;rosidl_typesupport_introspection_cpp
-- Found rmw_implementation_cmake: 7.10.1 (/opt/ros/lyrical/share/rmw_implementation_cmake/cmake)
-- Found rmw_fastrtps_cpp: 9.4.8 (/opt/ros/lyrical/share/rmw_fastrtps_cpp/cmake)
-- Using RMW implementation 'rmw_fastrtps_cpp' as default
-- Found std_msgs: 5.9.2 (/opt/ros/lyrical/share/std_msgs/cmake)
-- Found geometry_msgs: 5.9.2 (/opt/ros/lyrical/share/geometry_msgs/cmake)
-- Found ament_lint_auto: 0.20.6 (/opt/ros/lyrical/share/ament_lint_auto/cmake)
-- Added test 'cppcheck' to perform static code analysis on C / C++ code
-- Configured cppcheck include dirs: $<BUILD_INTERFACE:/home/plsh/robotics_ws/src/week1_nodes/include>
-- Configured cppcheck exclude dirs and/or files: 
-- Added test 'lint_cmake' to check CMake code style
-- Added test 'uncrustify' to check C / C++ code style
-- Configured uncrustify additional arguments: 
-- Added test 'xmllint' to check XML markup files
-- Configuring done (0.5s)
-- Generating done (0.0s)
-- Build files have been written to: /home/plsh/robotics_ws/build/week1_nodes
[ 25%] [32mBuilding CXX object CMakeFiles/sensor_subscriber.dir/src/sensor_subscriber.cpp.o[0m
[ 75%] Built target sensor_publisher
[100%] [1m[32mLinking CXX executable sensor_subscriber[0m
[100%] Built target sensor_subscriber
-- Install configuration: ""
-- Up-to-date: /home/plsh/robotics_ws/install/week1_nodes/lib/week1_nodes/sensor_publisher
-- Installing: /home/plsh/robotics_ws/install/week1_nodes/lib/week1_nodes/sensor_subscriber
-- Set non-toolchain portion of runtime path of "/home/plsh/robotics_ws/install/week1_nodes/lib/week1_nodes/sensor_subscriber" to ""
-- Up-to-date: /home/plsh/robotics_ws/install/week1_nodes/share/ament_index/resource_index/package_run_dependencies/week1_nodes
-- Up-to-date: /home/plsh/robotics_ws/install/week1_nodes/share/ament_index/resource_index/parent_prefix_path/week1_nodes
-- Up-to-date: /home/plsh/robotics_ws/install/week1_nodes/share/week1_nodes/environment/ament_prefix_path.sh
-- Up-to-date: /home/plsh/robotics_ws/install/week1_nodes/share/week1_nodes/environment/ament_prefix_path.dsv
-- Up-to-date: /home/plsh/robotics_ws/install/week1_nodes/share/week1_nodes/environment/path.sh
-- Up-to-date: /home/plsh/robotics_ws/install/week1_nodes/share/week1_nodes/environment/path.dsv
-- Up-to-date: /home/plsh/robotics_ws/install/week1_nodes/share/week1_nodes/local_setup.bash
-- Up-to-date: /home/plsh/robotics_ws/install/week1_nodes/share/week1_nodes/local_setup.fish
-- Up-to-date: /home/plsh/robotics_ws/install/week1_nodes/share/week1_nodes/local_setup.sh
-- Up-to-date: /home/plsh/robotics_ws/install/week1_nodes/share/week1_nodes/local_setup.zsh
-- Up-to-date: /home/plsh/robotics_ws/install/week1_nodes/share/week1_nodes/local_setup.dsv
-- Installing: /home/plsh/robotics_ws/install/week1_nodes/share/week1_nodes/package.dsv
-- Up-to-date: /home/plsh/robotics_ws/install/week1_nodes/share/ament_index/resource_index/packages/week1_nodes
-- Up-to-date: /home/plsh/robotics_ws/install/week1_nodes/share/week1_nodes/cmake/week1_nodesConfig.cmake
-- Up-to-date: /home/plsh/robotics_ws/install/week1_nodes/share/week1_nodes/cmake/week1_nodesConfig-version.cmake
-- Up-to-date: /home/plsh/robotics_ws/install/week1_nodes/share/week1_nodes/package.xml
