[0.014s] Invoking command in '/home/plsh/robotics_ws/build/week1_nodes': CMAKE_PREFIX_PATH=${CMAKE_PREFIX_PATH}:/opt/ros/lyrical DEBUGINFOD_URLS=https://debuginfod.ubuntu.com /usr/bin/cmake --build /home/plsh/robotics_ws/build/week1_nodes -- -j12 -l12
[0.100s] -- Found ament_cmake: 2.8.7 (/opt/ros/lyrical/share/ament_cmake/cmake)
[0.281s] -- Found rclcpp: 32.0.0 (/opt/ros/lyrical/share/rclcpp/cmake)
[0.304s] -- Found rosidl_generator_c: 5.2.0 (/opt/ros/lyrical/share/rosidl_generator_c/cmake)
[0.308s] -- Found rosidl_generator_cpp: 5.2.0 (/opt/ros/lyrical/share/rosidl_generator_cpp/cmake)
[0.318s] -- Using all available rosidl_typesupport_c: rosidl_typesupport_fastrtps_c;rosidl_typesupport_introspection_c
[0.327s] -- Using all available rosidl_typesupport_cpp: rosidl_typesupport_fastrtps_cpp;rosidl_typesupport_introspection_cpp
[0.379s] -- Found rmw_implementation_cmake: 7.10.1 (/opt/ros/lyrical/share/rmw_implementation_cmake/cmake)
[0.381s] -- Found rmw_fastrtps_cpp: 9.4.8 (/opt/ros/lyrical/share/rmw_fastrtps_cpp/cmake)
[0.405s] -- Using RMW implementation 'rmw_fastrtps_cpp' as default
[0.463s] -- Found std_msgs: 5.9.2 (/opt/ros/lyrical/share/std_msgs/cmake)
[0.475s] -- Found geometry_msgs: 5.9.2 (/opt/ros/lyrical/share/geometry_msgs/cmake)
[0.489s] -- Found ament_lint_auto: 0.20.6 (/opt/ros/lyrical/share/ament_lint_auto/cmake)
[0.580s] -- Added test 'cppcheck' to perform static code analysis on C / C++ code
[0.580s] -- Configured cppcheck include dirs: $<BUILD_INTERFACE:/home/plsh/robotics_ws/src/week1_nodes/include>
[0.580s] -- Configured cppcheck exclude dirs and/or files: 
[0.580s] -- Added test 'lint_cmake' to check CMake code style
[0.581s] -- Added test 'uncrustify' to check C / C++ code style
[0.581s] -- Configured uncrustify additional arguments: 
[0.582s] -- Added test 'xmllint' to check XML markup files
[0.584s] -- Configuring done (0.5s)
[0.607s] -- Generating done (0.0s)
[0.632s] -- Build files have been written to: /home/plsh/robotics_ws/build/week1_nodes
[0.669s] [ 25%] [32mBuilding CXX object CMakeFiles/sensor_subscriber.dir/src/sensor_subscriber.cpp.o[0m
[0.713s] [ 75%] Built target sensor_publisher
[7.148s] [100%] [1m[32mLinking CXX executable sensor_subscriber[0m
[7.405s] [100%] Built target sensor_subscriber
[7.418s] Invoked command in '/home/plsh/robotics_ws/build/week1_nodes' returned '0': CMAKE_PREFIX_PATH=${CMAKE_PREFIX_PATH}:/opt/ros/lyrical DEBUGINFOD_URLS=https://debuginfod.ubuntu.com /usr/bin/cmake --build /home/plsh/robotics_ws/build/week1_nodes -- -j12 -l12
[7.430s] Invoking command in '/home/plsh/robotics_ws/build/week1_nodes': CMAKE_PREFIX_PATH=${CMAKE_PREFIX_PATH}:/opt/ros/lyrical DEBUGINFOD_URLS=https://debuginfod.ubuntu.com /usr/bin/cmake --install /home/plsh/robotics_ws/build/week1_nodes
[7.439s] -- Install configuration: ""
[7.439s] -- Up-to-date: /home/plsh/robotics_ws/install/week1_nodes/lib/week1_nodes/sensor_publisher
[7.439s] -- Installing: /home/plsh/robotics_ws/install/week1_nodes/lib/week1_nodes/sensor_subscriber
[7.444s] -- Set non-toolchain portion of runtime path of "/home/plsh/robotics_ws/install/week1_nodes/lib/week1_nodes/sensor_subscriber" to ""
[7.444s] -- Up-to-date: /home/plsh/robotics_ws/install/week1_nodes/share/ament_index/resource_index/package_run_dependencies/week1_nodes
[7.444s] -- Up-to-date: /home/plsh/robotics_ws/install/week1_nodes/share/ament_index/resource_index/parent_prefix_path/week1_nodes
[7.444s] -- Up-to-date: /home/plsh/robotics_ws/install/week1_nodes/share/week1_nodes/environment/ament_prefix_path.sh
[7.444s] -- Up-to-date: /home/plsh/robotics_ws/install/week1_nodes/share/week1_nodes/environment/ament_prefix_path.dsv
[7.444s] -- Up-to-date: /home/plsh/robotics_ws/install/week1_nodes/share/week1_nodes/environment/path.sh
[7.444s] -- Up-to-date: /home/plsh/robotics_ws/install/week1_nodes/share/week1_nodes/environment/path.dsv
[7.445s] -- Up-to-date: /home/plsh/robotics_ws/install/week1_nodes/share/week1_nodes/local_setup.bash
[7.445s] -- Up-to-date: /home/plsh/robotics_ws/install/week1_nodes/share/week1_nodes/local_setup.fish
[7.445s] -- Up-to-date: /home/plsh/robotics_ws/install/week1_nodes/share/week1_nodes/local_setup.sh
[7.445s] -- Up-to-date: /home/plsh/robotics_ws/install/week1_nodes/share/week1_nodes/local_setup.zsh
[7.445s] -- Up-to-date: /home/plsh/robotics_ws/install/week1_nodes/share/week1_nodes/local_setup.dsv
[7.445s] -- Installing: /home/plsh/robotics_ws/install/week1_nodes/share/week1_nodes/package.dsv
[7.445s] -- Up-to-date: /home/plsh/robotics_ws/install/week1_nodes/share/ament_index/resource_index/packages/week1_nodes
[7.445s] -- Up-to-date: /home/plsh/robotics_ws/install/week1_nodes/share/week1_nodes/cmake/week1_nodesConfig.cmake
[7.445s] -- Up-to-date: /home/plsh/robotics_ws/install/week1_nodes/share/week1_nodes/cmake/week1_nodesConfig-version.cmake
[7.445s] -- Up-to-date: /home/plsh/robotics_ws/install/week1_nodes/share/week1_nodes/package.xml
[7.448s] Invoked command in '/home/plsh/robotics_ws/build/week1_nodes' returned '0': CMAKE_PREFIX_PATH=${CMAKE_PREFIX_PATH}:/opt/ros/lyrical DEBUGINFOD_URLS=https://debuginfod.ubuntu.com /usr/bin/cmake --install /home/plsh/robotics_ws/build/week1_nodes
