[0.024s] Invoking command in '/home/plsh/robotics_ws/build/week1_nodes': CMAKE_PREFIX_PATH=${CMAKE_PREFIX_PATH}:/opt/ros/lyrical DEBUGINFOD_URLS=https://debuginfod.ubuntu.com /usr/bin/cmake --build /home/plsh/robotics_ws/build/week1_nodes -- -j12 -l12
[0.081s] -- Found ament_cmake: 2.8.7 (/opt/ros/lyrical/share/ament_cmake/cmake)
[0.444s] -- Found rclcpp: 32.0.0 (/opt/ros/lyrical/share/rclcpp/cmake)
[0.478s] -- Found rosidl_generator_c: 5.2.0 (/opt/ros/lyrical/share/rosidl_generator_c/cmake)
[0.485s] -- Found rosidl_generator_cpp: 5.2.0 (/opt/ros/lyrical/share/rosidl_generator_cpp/cmake)
[0.500s] -- Using all available rosidl_typesupport_c: rosidl_typesupport_fastrtps_c;rosidl_typesupport_introspection_c
[0.516s] -- Using all available rosidl_typesupport_cpp: rosidl_typesupport_fastrtps_cpp;rosidl_typesupport_introspection_cpp
[0.613s] -- Found rmw_implementation_cmake: 7.10.1 (/opt/ros/lyrical/share/rmw_implementation_cmake/cmake)
[0.615s] -- Found rmw_fastrtps_cpp: 9.4.8 (/opt/ros/lyrical/share/rmw_fastrtps_cpp/cmake)
[0.656s] -- Using RMW implementation 'rmw_fastrtps_cpp' as default
[0.763s] -- Found std_msgs: 5.9.2 (/opt/ros/lyrical/share/std_msgs/cmake)
[0.785s] -- Found geometry_msgs: 5.9.2 (/opt/ros/lyrical/share/geometry_msgs/cmake)
[0.809s] -- Found ament_lint_auto: 0.20.6 (/opt/ros/lyrical/share/ament_lint_auto/cmake)
[0.974s] [31mCMake Error at CMakeLists.txt:27 (ament_target_dependencies):
[0.974s]   Unknown CMake command "ament_target_dependencies".
[0.974s] 
[0.974s] [0m
[0.974s] -- Configuring incomplete, errors occurred!
[0.985s] gmake: *** [Makefile:226: cmake_check_build_system] Error 1
[0.990s] Invoked command in '/home/plsh/robotics_ws/build/week1_nodes' returned '2': CMAKE_PREFIX_PATH=${CMAKE_PREFIX_PATH}:/opt/ros/lyrical DEBUGINFOD_URLS=https://debuginfod.ubuntu.com /usr/bin/cmake --build /home/plsh/robotics_ws/build/week1_nodes -- -j12 -l12
