[-1779531303899805440.000s] DEBUG:colcon:Command line arguments: ['/usr/bin/colcon', 'build']
[-1779531303899805440.000s] DEBUG:colcon:Parsed command line arguments: Namespace(log_base=None, log_level=None, verb_name='build', build_base='build', install_base='install', merge_install=False, symlink_install=False, test_result_base=None, continue_on_error=False, executor='parallel', parallel_workers=12, event_handlers=None, ignore_user_meta=False, metas=['./colcon.meta'], base_paths=['.'], packages_ignore=None, packages_ignore_regex=None, paths=None, packages_up_to=None, packages_up_to_regex=None, packages_above=None, packages_above_and_dependencies=None, packages_above_depth=None, packages_select_by_dep=None, packages_skip_by_dep=None, packages_skip_up_to=None, packages_select_build_failed=False, packages_skip_build_finished=False, packages_select_test_failures=False, packages_skip_test_passed=False, packages_select=None, packages_skip=None, packages_select_regex=None, packages_skip_regex=None, packages_start=None, packages_end=None, allow_overriding=[], cmake_args=None, cmake_target=None, cmake_target_skip_unavailable=False, cmake_clean_cache=False, cmake_clean_first=False, cmake_force_configure=False, ament_cmake_args=None, catkin_cmake_args=None, catkin_skip_building_tests=False, mixin_files=None, mixin=None, verb_parser=<colcon_mixin.mixin.mixin_argument.MixinArgumentDecorator object at 0x76ecc671fed0>, verb_extension=<colcon_core.verb.build.BuildVerb object at 0x76ecc66df770>, main=<bound method BuildVerb.main of <colcon_core.verb.build.BuildVerb object at 0x76ecc66df770>>, mixin_verb=('build',))
[-1779531303899805440.000s] Level 1:colcon.colcon_core.package_discovery:discover_packages(colcon_meta) check parameters
[-1779531303899805440.000s] Level 1:colcon.colcon_core.package_discovery:discover_packages(recursive) check parameters
[-1779531303899805440.000s] Level 1:colcon.colcon_core.package_discovery:discover_packages(ignore) check parameters
[-1779531303899805440.000s] Level 1:colcon.colcon_core.package_discovery:discover_packages(path) check parameters
[-1779531303899805440.000s] Level 1:colcon.colcon_core.package_discovery:discover_packages(colcon_meta) discover
[-1779531303899805440.000s] Level 1:colcon.colcon_core.package_discovery:discover_packages(recursive) discover
[-1779531303899805440.000s] INFO:colcon.colcon_core.package_discovery:Crawling recursively for packages in '/home/plsh/robotics_ws'
[-1779531303899805440.000s] Level 1:colcon.colcon_core.package_identification:_identify(.) by extensions ['ignore', 'ignore_ament_install']
[-1779531303899805440.000s] Level 1:colcon.colcon_core.package_identification:_identify(.) by extension 'ignore'
[-1779531303899805440.000s] Level 1:colcon.colcon_core.package_identification:_identify(.) by extension 'ignore_ament_install'
[-1779531303899805440.000s] Level 1:colcon.colcon_core.package_identification:_identify(.) by extensions ['colcon_pkg']
[-1779531303899805440.000s] Level 1:colcon.colcon_core.package_identification:_identify(.) by extension 'colcon_pkg'
[-1779531303899805440.000s] Level 1:colcon.colcon_core.package_identification:_identify(.) by extensions ['colcon_meta']
[-1779531303899805440.000s] Level 1:colcon.colcon_core.package_identification:_identify(.) by extension 'colcon_meta'
[-1779531303899805440.000s] Level 1:colcon.colcon_core.package_identification:_identify(.) by extensions ['ros']
[-1779531303899805440.000s] Level 1:colcon.colcon_core.package_identification:_identify(.) by extension 'ros'
[-1779531303899805440.000s] Level 1:colcon.colcon_core.package_identification:_identify(.) by extensions ['cmake', 'python']
[-1779531303899805440.000s] Level 1:colcon.colcon_core.package_identification:_identify(.) by extension 'cmake'
[-1779531303899805440.000s] Level 1:colcon.colcon_core.package_identification:_identify(.) by extension 'python'
[-1779531303899805440.000s] Level 1:colcon.colcon_core.package_identification:_identify(.) by extensions ['python_setup_py']
[-1779531303899805440.000s] Level 1:colcon.colcon_core.package_identification:_identify(.) by extension 'python_setup_py'
[-1779531303899805440.000s] Level 1:colcon.colcon_core.package_identification:_identify(build) by extensions ['ignore', 'ignore_ament_install']
[-1779531303899805440.000s] Level 1:colcon.colcon_core.package_identification:_identify(build) by extension 'ignore'
[-1779531303899805440.000s] Level 1:colcon.colcon_core.package_identification:_identify(build) ignored
[-1779531303899805440.000s] Level 1:colcon.colcon_core.package_identification:_identify(install) by extensions ['ignore', 'ignore_ament_install']
[-1779531303899805440.000s] Level 1:colcon.colcon_core.package_identification:_identify(install) by extension 'ignore'
[-1779531303899805440.000s] Level 1:colcon.colcon_core.package_identification:_identify(install) ignored
[-1779531303899805440.000s] Level 1:colcon.colcon_core.package_identification:_identify(log) by extensions ['ignore', 'ignore_ament_install']
[-1779531303899805440.000s] Level 1:colcon.colcon_core.package_identification:_identify(log) by extension 'ignore'
[-1779531303899805440.000s] Level 1:colcon.colcon_core.package_identification:_identify(log) ignored
[-1779531303899805440.000s] Level 1:colcon.colcon_core.package_identification:_identify(src) by extensions ['ignore', 'ignore_ament_install']
[-1779531303899805440.000s] Level 1:colcon.colcon_core.package_identification:_identify(src) by extension 'ignore'
[-1779531303899805440.000s] Level 1:colcon.colcon_core.package_identification:_identify(src) by extension 'ignore_ament_install'
[-1779531303899805440.000s] Level 1:colcon.colcon_core.package_identification:_identify(src) by extensions ['colcon_pkg']
[-1779531303899805440.000s] Level 1:colcon.colcon_core.package_identification:_identify(src) by extension 'colcon_pkg'
[-1779531303899805440.000s] Level 1:colcon.colcon_core.package_identification:_identify(src) by extensions ['colcon_meta']
[-1779531303899805440.000s] Level 1:colcon.colcon_core.package_identification:_identify(src) by extension 'colcon_meta'
[-1779531303899805440.000s] Level 1:colcon.colcon_core.package_identification:_identify(src) by extensions ['ros']
[-1779531303899805440.000s] Level 1:colcon.colcon_core.package_identification:_identify(src) by extension 'ros'
[-1779531303899805440.000s] Level 1:colcon.colcon_core.package_identification:_identify(src) by extensions ['cmake', 'python']
[-1779531303899805440.000s] Level 1:colcon.colcon_core.package_identification:_identify(src) by extension 'cmake'
[-1779531303899805440.000s] Level 1:colcon.colcon_core.package_identification:_identify(src) by extension 'python'
[-1779531303899805440.000s] Level 1:colcon.colcon_core.package_identification:_identify(src) by extensions ['python_setup_py']
[-1779531303899805440.000s] Level 1:colcon.colcon_core.package_identification:_identify(src) by extension 'python_setup_py'
[-1779531303899805440.000s] Level 1:colcon.colcon_core.package_identification:_identify(src/week1_nodes) by extensions ['ignore', 'ignore_ament_install']
[-1779531303899805440.000s] Level 1:colcon.colcon_core.package_identification:_identify(src/week1_nodes) by extension 'ignore'
[-1779531303899805440.000s] Level 1:colcon.colcon_core.package_identification:_identify(src/week1_nodes) by extension 'ignore_ament_install'
[-1779531303899805440.000s] Level 1:colcon.colcon_core.package_identification:_identify(src/week1_nodes) by extensions ['colcon_pkg']
[-1779531303899805440.000s] Level 1:colcon.colcon_core.package_identification:_identify(src/week1_nodes) by extension 'colcon_pkg'
[-1779531303899805440.000s] Level 1:colcon.colcon_core.package_identification:_identify(src/week1_nodes) by extensions ['colcon_meta']
[-1779531303899805440.000s] Level 1:colcon.colcon_core.package_identification:_identify(src/week1_nodes) by extension 'colcon_meta'
[-1779531303899805440.000s] Level 1:colcon.colcon_core.package_identification:_identify(src/week1_nodes) by extensions ['ros']
[-1779531303899805440.000s] Level 1:colcon.colcon_core.package_identification:_identify(src/week1_nodes) by extension 'ros'
[-1779531303899805440.000s] DEBUG:colcon.colcon_core.package_identification:Package 'src/week1_nodes' with type 'ros.ament_cmake' and name 'week1_nodes'
[-1779531303899805440.000s] Level 1:colcon.colcon_core.package_discovery:discover_packages(recursive) using defaults
[-1779531303899805440.000s] Level 1:colcon.colcon_core.package_discovery:discover_packages(ignore) discover
[-1779531303899805440.000s] Level 1:colcon.colcon_core.package_discovery:discover_packages(ignore) using defaults
[-1779531303899805440.000s] Level 1:colcon.colcon_core.package_discovery:discover_packages(path) discover
[-1779531303899805440.000s] Level 1:colcon.colcon_core.package_discovery:discover_packages(path) using defaults
[-1779531303899805440.000s] Level 1:colcon.colcon_core.package_discovery:discover_packages(prefix_path) check parameters
[-1779531303899805440.000s] Level 1:colcon.colcon_core.package_discovery:discover_packages(prefix_path) discover
[-1779531303899805440.000s] DEBUG:colcon.colcon_installed_package_information.package_discovery:Found 1 installed packages in /home/plsh/robotics_ws/install
[-1779531303899805440.000s] DEBUG:colcon.colcon_installed_package_information.package_discovery:Found 335 installed packages in /opt/ros/lyrical
[-1779531303899805440.000s] Level 1:colcon.colcon_core.package_discovery:discover_packages(prefix_path) using defaults
[-1779531303899805440.000s] Level 5:colcon.colcon_core.verb:set package 'week1_nodes' build argument 'cmake_args' from command line to 'None'
[-1779531303899805440.000s] Level 5:colcon.colcon_core.verb:set package 'week1_nodes' build argument 'cmake_target' from command line to 'None'
[-1779531303899805440.000s] Level 5:colcon.colcon_core.verb:set package 'week1_nodes' build argument 'cmake_target_skip_unavailable' from command line to 'False'
[-1779531303899805440.000s] Level 5:colcon.colcon_core.verb:set package 'week1_nodes' build argument 'cmake_clean_cache' from command line to 'False'
[-1779531303899805440.000s] Level 5:colcon.colcon_core.verb:set package 'week1_nodes' build argument 'cmake_clean_first' from command line to 'False'
[-1779531303899805440.000s] Level 5:colcon.colcon_core.verb:set package 'week1_nodes' build argument 'cmake_force_configure' from command line to 'False'
[-1779531303899805440.000s] Level 5:colcon.colcon_core.verb:set package 'week1_nodes' build argument 'ament_cmake_args' from command line to 'None'
[-1779531303899805440.000s] Level 5:colcon.colcon_core.verb:set package 'week1_nodes' build argument 'catkin_cmake_args' from command line to 'None'
[-1779531303899805440.000s] Level 5:colcon.colcon_core.verb:set package 'week1_nodes' build argument 'catkin_skip_building_tests' from command line to 'False'
[-1779531303899805440.000s] DEBUG:colcon.colcon_core.verb:Building package 'week1_nodes' with the following arguments: {'ament_cmake_args': None, 'build_base': '/home/plsh/robotics_ws/build/week1_nodes', 'catkin_cmake_args': None, 'catkin_skip_building_tests': False, 'cmake_args': None, 'cmake_clean_cache': False, 'cmake_clean_first': False, 'cmake_force_configure': False, 'cmake_target': None, 'cmake_target_skip_unavailable': False, 'install_base': '/home/plsh/robotics_ws/install/week1_nodes', 'merge_install': False, 'path': '/home/plsh/robotics_ws/src/week1_nodes', 'symlink_install': False, 'test_result_base': None}
[-1779531303899805440.000s] INFO:colcon.colcon_core.executor:Executing jobs using 'parallel' executor
[-1779531303899805440.000s] DEBUG:colcon.colcon_parallel_executor.executor.parallel:run_until_complete
[-1779531303899805440.000s] INFO:colcon.colcon_ros.task.ament_cmake.build:Building ROS package in '/home/plsh/robotics_ws/src/week1_nodes' with build type 'ament_cmake'
[-1779531303899805440.000s] INFO:colcon.colcon_cmake.task.cmake.build:Building CMake package in '/home/plsh/robotics_ws/src/week1_nodes'
[-1779531303899805440.000s] INFO:colcon.colcon_core.plugin_system:Skipping extension 'colcon_core.shell.bat': Not used on non-Windows systems
[-1779531303899805440.000s] INFO:colcon.colcon_core.shell:Skip shell extension 'powershell' for command environment: Not usable outside of PowerShell
[-1779531303899805440.000s] DEBUG:colcon.colcon_core.shell:Skip shell extension 'dsv' for command environment
[-1779531303899805440.000s] DEBUG:colcon.colcon_core.event_handler.log_command:Invoking command in '/home/plsh/robotics_ws/build/week1_nodes': CMAKE_PREFIX_PATH=${CMAKE_PREFIX_PATH}:/opt/ros/lyrical DEBUGINFOD_URLS=https://debuginfod.ubuntu.com /usr/bin/cmake --build /home/plsh/robotics_ws/build/week1_nodes -- -j12 -l12
[-1779531303899805440.000s] DEBUG:colcon.colcon_core.event_handler.log_command:Invoked command in '/home/plsh/robotics_ws/build/week1_nodes' returned '2': CMAKE_PREFIX_PATH=${CMAKE_PREFIX_PATH}:/opt/ros/lyrical DEBUGINFOD_URLS=https://debuginfod.ubuntu.com /usr/bin/cmake --build /home/plsh/robotics_ws/build/week1_nodes -- -j12 -l12
[-1779531303899805440.000s] Level 1:colcon.colcon_core.environment:create_environment_scripts_only(week1_nodes)
[-1779531303899805440.000s] Level 1:colcon.colcon_core.environment:checking '/home/plsh/robotics_ws/install/week1_nodes' for CMake module files
[-1779531303899805440.000s] Level 1:colcon.colcon_core.environment:checking '/home/plsh/robotics_ws/install/week1_nodes' for CMake config files
[-1779531303899805440.000s] Level 1:colcon.colcon_core.shell:create_environment_hook('week1_nodes', 'cmake_prefix_path')
[-1779531303899805440.000s] INFO:colcon.colcon_core.shell:Creating environment hook '/home/plsh/robotics_ws/install/week1_nodes/share/week1_nodes/hook/cmake_prefix_path.ps1'
[-1779531303899805440.000s] INFO:colcon.colcon_core.shell:Creating environment descriptor '/home/plsh/robotics_ws/install/week1_nodes/share/week1_nodes/hook/cmake_prefix_path.dsv'
[-1779531303899805440.000s] INFO:colcon.colcon_core.shell:Creating environment hook '/home/plsh/robotics_ws/install/week1_nodes/share/week1_nodes/hook/cmake_prefix_path.sh'
[-1779531303899805440.000s] Level 1:colcon.colcon_core.environment:checking '/home/plsh/robotics_ws/install/week1_nodes/bin'
[-1779531303899805440.000s] Level 1:colcon.colcon_core.environment:checking '/home/plsh/robotics_ws/install/week1_nodes/lib/pkgconfig/week1_nodes.pc'
[-1779531303899805440.000s] Level 1:colcon.colcon_core.environment:checking '/home/plsh/robotics_ws/install/week1_nodes/lib/python3.14/site-packages'
[-1779531303899805440.000s] Level 1:colcon.colcon_core.environment:checking '/home/plsh/robotics_ws/install/week1_nodes/bin'
[-1779531303899805440.000s] INFO:colcon.colcon_core.shell:Creating package script '/home/plsh/robotics_ws/install/week1_nodes/share/week1_nodes/package.ps1'
[-1779531303899805440.000s] INFO:colcon.colcon_core.shell:Creating package descriptor '/home/plsh/robotics_ws/install/week1_nodes/share/week1_nodes/package.dsv'
[-1779531303899805440.000s] INFO:colcon.colcon_core.shell:Creating package script '/home/plsh/robotics_ws/install/week1_nodes/share/week1_nodes/package.sh'
[-1779531303899805440.000s] INFO:colcon.colcon_core.shell:Creating package script '/home/plsh/robotics_ws/install/week1_nodes/share/week1_nodes/package.bash'
[-1779531303899805440.000s] INFO:colcon.colcon_core.shell:Creating package script '/home/plsh/robotics_ws/install/week1_nodes/share/week1_nodes/package.zsh'
[-1779531303899805440.000s] Level 1:colcon.colcon_core.environment:create_file_with_runtime_dependencies(/home/plsh/robotics_ws/install/week1_nodes/share/colcon-core/packages/week1_nodes)
[-1779531303899805440.000s] DEBUG:colcon.colcon_parallel_executor.executor.parallel:closing loop
[-1779531303899805440.000s] DEBUG:colcon.colcon_parallel_executor.executor.parallel:loop closed
[-1779531303899805440.000s] DEBUG:colcon.colcon_parallel_executor.executor.parallel:run_until_complete finished with '2'
[-1779531303899805440.000s] DEBUG:colcon.colcon_core.event_reactor:joining thread
[-1779531303899805440.000s] INFO:colcon.colcon_core.plugin_system:Skipping extension 'colcon_notification.desktop_notification.terminal_notifier': Not used on non-Darwin systems
[-1779531303899805440.000s] INFO:colcon.colcon_core.plugin_system:Skipping extension 'colcon_notification.desktop_notification.win32': Not used on non-Windows systems
[-1779531303899805440.000s] INFO:colcon.colcon_notification.desktop_notification:Sending desktop notification using 'notify2'
[-1779531303899805440.000s] ERROR:colcon.colcon_notification.desktop_notification:Exception in desktop notification extension 'notify2': org.gtk.GDBus.UnmappedGError.Quark._g_2dio_2derror_2dquark.Code36: can't access property "removables", dockManager is null
Traceback (most recent call last):
  File "/usr/lib/python3/dist-packages/colcon_notification/desktop_notification/__init__.py", line 106, in notify
    retval = extension.notify(
        title=title, message=message, icon_path=icon_path)
  File "/usr/lib/python3/dist-packages/colcon_notification/desktop_notification/notify2.py", line 51, in notify
    self._last_notification.show()
    ~~~~~~~~~~~~~~~~~~~~~~~~~~~~^^
  File "/usr/lib/python3/dist-packages/notify2.py", line 222, in show
    nid = dbus_iface.Notify(appname,       # app_name       (spec names)
                          self.id,       # replaces_id
    ...<5 lines>...
                          self.timeout,  # expire_timeout
                        )
  File "/usr/lib/python3/dist-packages/dbus/proxies.py", line 72, in __call__
    return self._proxy_method(*args, **keywords)
           ~~~~~~~~~~~~~~~~~~^^^^^^^^^^^^^^^^^^^
  File "/usr/lib/python3/dist-packages/dbus/proxies.py", line 141, in __call__
    return self._connection.call_blocking(self._named_service,
           ~~~~~~~~~~~~~~~~~~~~~~~~~~~~~~^^^^^^^^^^^^^^^^^^^^^
                                          self._object_path,
                                          ^^^^^^^^^^^^^^^^^^
    ...<3 lines>...
                                          args,
                                          ^^^^^
                                          **keywords)
                                          ^^^^^^^^^^^
  File "/usr/lib/python3/dist-packages/dbus/connection.py", line 696, in call_blocking
    reply_message = self.send_message_with_reply_and_block(
        message, timeout)
dbus.exceptions.DBusException: org.gtk.GDBus.UnmappedGError.Quark._g_2dio_2derror_2dquark.Code36: can't access property "removables", dockManager is null

[-1779531303899805440.000s] INFO:colcon.colcon_notification.desktop_notification:Sending desktop notification using 'notify_send'
[-1779531303899805440.000s] DEBUG:colcon.colcon_core.event_reactor:joined thread
[-1779531303899805440.000s] INFO:colcon.colcon_core.shell:Creating prefix script '/home/plsh/robotics_ws/install/local_setup.ps1'
[-1779531303899805440.000s] INFO:colcon.colcon_core.shell:Creating prefix util module '/home/plsh/robotics_ws/install/_local_setup_util_ps1.py'
[-1779531303899805440.000s] INFO:colcon.colcon_core.shell:Creating prefix chain script '/home/plsh/robotics_ws/install/setup.ps1'
[-1779531303899805440.000s] INFO:colcon.colcon_core.shell:Creating prefix script '/home/plsh/robotics_ws/install/local_setup.sh'
[-1779531303899805440.000s] INFO:colcon.colcon_core.shell:Creating prefix util module '/home/plsh/robotics_ws/install/_local_setup_util_sh.py'
[-1779531303899805440.000s] INFO:colcon.colcon_core.shell:Creating prefix chain script '/home/plsh/robotics_ws/install/setup.sh'
[-1779531303899805440.000s] INFO:colcon.colcon_core.shell:Creating prefix script '/home/plsh/robotics_ws/install/local_setup.bash'
[-1779531303899805440.000s] INFO:colcon.colcon_core.shell:Creating prefix chain script '/home/plsh/robotics_ws/install/setup.bash'
[-1779531303899805440.000s] INFO:colcon.colcon_core.shell:Creating prefix script '/home/plsh/robotics_ws/install/local_setup.zsh'
[-1779531303899805440.000s] INFO:colcon.colcon_core.shell:Creating prefix chain script '/home/plsh/robotics_ws/install/setup.zsh'
