-- The C compiler identification is GNU 15.2.0
-- The CXX compiler identification is GNU 15.2.0
-- Detecting C compiler ABI info
-- Detecting C compiler ABI info - done
-- Check for working C compiler: /usr/bin/cc - skipped
-- Detecting C compile features
-- Detecting C compile features - done
-- Detecting CXX compiler ABI info
-- Detecting CXX compiler ABI info - done
-- Check for working CXX compiler: /usr/bin/c++ - skipped
-- Detecting CXX compile features
-- Detecting CXX compile features - done
-- Found ament_cmake: 2.8.7 (/opt/ros/lyrical/share/ament_cmake/cmake)
-- Found rclcpp: 32.0.0 (/opt/ros/lyrical/share/rclcpp/cmake)
-- Found rosidl_generator_c: 5.2.0 (/opt/ros/lyrical/share/rosidl_generator_c/cmake)
-- Found rosidl_generator_cpp: 5.2.0 (/opt/ros/lyrical/share/rosidl_generator_cpp/cmake)
-- Using all available rosidl_typesupport_c: rosidl_typesupport_fastrtps_c;rosidl_typesupport_introspection_c
-- Using all available rosidl_typesupport_cpp: rosidl_typesupport_fastrtps_cpp;rosidl_typesupport_introspection_cpp
-- Found rmw_implementation_cmake: 7.10.1 (/opt/ros/lyrical/share/rmw_implementation_cmake/cmake)
-- Found rmw_fastrtps_cpp: 9.4.8 (/opt/ros/lyrical/share/rmw_fastrtps_cpp/cmake)
-- Using RMW implementation 'rmw_fastrtps_cpp' as default
-- Found std_msgs: 5.9.2 (/opt/ros/lyrical/share/std_msgs/cmake)
-- Found geometry_msgs: 5.9.2 (/opt/ros/lyrical/share/geometry_msgs/cmake)
-- Found ament_lint_auto: 0.20.6 (/opt/ros/lyrical/share/ament_lint_auto/cmake)
-- Added test 'lint_cmake' to check CMake code style
-- Added test 'xmllint' to check XML markup files
-- Configuring done (2.9s)
-- Generating done (0.0s)
-- Build files have been written to: /home/plsh/robotics_ws/build/week1_nodes
-- Install configuration: ""
-- Installing: /home/plsh/robotics_ws/install/week1_nodes/share/ament_index/resource_index/package_run_dependencies/week1_nodes
-- Installing: /home/plsh/robotics_ws/install/week1_nodes/share/ament_index/resource_index/parent_prefix_path/week1_nodes
-- Installing: /home/plsh/robotics_ws/install/week1_nodes/share/week1_nodes/environment/ament_prefix_path.sh
-- Installing: /home/plsh/robotics_ws/install/week1_nodes/share/week1_nodes/environment/ament_prefix_path.dsv
-- Installing: /home/plsh/robotics_ws/install/week1_nodes/share/week1_nodes/environment/path.sh
-- Installing: /home/plsh/robotics_ws/install/week1_nodes/share/week1_nodes/environment/path.dsv
-- Installing: /home/plsh/robotics_ws/install/week1_nodes/share/week1_nodes/local_setup.bash
-- Installing: /home/plsh/robotics_ws/install/week1_nodes/share/week1_nodes/local_setup.fish
-- Installing: /home/plsh/robotics_ws/install/week1_nodes/share/week1_nodes/local_setup.sh
-- Installing: /home/plsh/robotics_ws/install/week1_nodes/share/week1_nodes/local_setup.zsh
-- Installing: /home/plsh/robotics_ws/install/week1_nodes/share/week1_nodes/local_setup.dsv
-- Installing: /home/plsh/robotics_ws/install/week1_nodes/share/week1_nodes/package.dsv
-- Installing: /home/plsh/robotics_ws/install/week1_nodes/share/ament_index/resource_index/packages/week1_nodes
-- Installing: /home/plsh/robotics_ws/install/week1_nodes/share/week1_nodes/cmake/week1_nodesConfig.cmake
-- Installing: /home/plsh/robotics_ws/install/week1_nodes/share/week1_nodes/cmake/week1_nodesConfig-version.cmake
-- Installing: /home/plsh/robotics_ws/install/week1_nodes/share/week1_nodes/package.xml
