[0.025s] Invoking command in '/home/plsh/robotics_ws/build/week1_nodes': CMAKE_PREFIX_PATH=${CMAKE_PREFIX_PATH}:/opt/ros/lyrical DEBUGINFOD_URLS=https://debuginfod.ubuntu.com /usr/bin/cmake --build /home/plsh/robotics_ws/build/week1_nodes -- -j12 -l12
[0.154s] -- Found ament_cmake: 2.8.7 (/opt/ros/lyrical/share/ament_cmake/cmake)
[0.520s] -- Found rclcpp: 32.0.0 (/opt/ros/lyrical/share/rclcpp/cmake)
[0.561s] -- Found rosidl_generator_c: 5.2.0 (/opt/ros/lyrical/share/rosidl_generator_c/cmake)
[0.571s] -- Found rosidl_generator_cpp: 5.2.0 (/opt/ros/lyrical/share/rosidl_generator_cpp/cmake)
[0.590s] -- Using all available rosidl_typesupport_c: rosidl_typesupport_fastrtps_c;rosidl_typesupport_introspection_c
[0.608s] -- Using all available rosidl_typesupport_cpp: rosidl_typesupport_fastrtps_cpp;rosidl_typesupport_introspection_cpp
[0.712s] -- Found rmw_implementation_cmake: 7.10.1 (/opt/ros/lyrical/share/rmw_implementation_cmake/cmake)
[0.715s] -- Found rmw_fastrtps_cpp: 9.4.8 (/opt/ros/lyrical/share/rmw_fastrtps_cpp/cmake)
[0.760s] -- Using RMW implementation 'rmw_fastrtps_cpp' as default
[0.878s] -- Found std_msgs: 5.9.2 (/opt/ros/lyrical/share/std_msgs/cmake)
[0.902s] -- Found geometry_msgs: 5.9.2 (/opt/ros/lyrical/share/geometry_msgs/cmake)
[0.929s] -- Found ament_lint_auto: 0.20.6 (/opt/ros/lyrical/share/ament_lint_auto/cmake)
[1.100s] -- Added test 'cppcheck' to perform static code analysis on C / C++ code
[1.101s] -- Configured cppcheck include dirs: $<BUILD_INTERFACE:/home/plsh/robotics_ws/src/week1_nodes/include>
[1.101s] -- Configured cppcheck exclude dirs and/or files: 
[1.105s] -- Added test 'lint_cmake' to check CMake code style
[1.107s] -- Added test 'uncrustify' to check C / C++ code style
[1.107s] -- Configured uncrustify additional arguments: 
[1.109s] -- Added test 'xmllint' to check XML markup files
[1.112s] -- Configuring done (1.0s)
[1.146s] -- Generating done (0.0s)
[1.192s] -- Build files have been written to: /home/plsh/robotics_ws/build/week1_nodes
[1.265s] [ 50%] [32mBuilding CXX object CMakeFiles/sensor_publisher.dir/src/sensor_publisher.cpp.o[0m
[9.324s] [100%] [1m[32mLinking CXX executable sensor_publisher[0m
[9.644s] [100%] Built target sensor_publisher
[9.667s] Invoked command in '/home/plsh/robotics_ws/build/week1_nodes' returned '0': CMAKE_PREFIX_PATH=${CMAKE_PREFIX_PATH}:/opt/ros/lyrical DEBUGINFOD_URLS=https://debuginfod.ubuntu.com /usr/bin/cmake --build /home/plsh/robotics_ws/build/week1_nodes -- -j12 -l12
[9.687s] Invoking command in '/home/plsh/robotics_ws/build/week1_nodes': CMAKE_PREFIX_PATH=${CMAKE_PREFIX_PATH}:/opt/ros/lyrical DEBUGINFOD_URLS=https://debuginfod.ubuntu.com /usr/bin/cmake --install /home/plsh/robotics_ws/build/week1_nodes
[9.702s] -- Install configuration: ""
[9.702s] -- Installing: /home/plsh/robotics_ws/install/week1_nodes/lib/week1_nodes/sensor_publisher
[9.705s] -- Set non-toolchain portion of runtime path of "/home/plsh/robotics_ws/install/week1_nodes/lib/week1_nodes/sensor_publisher" to ""
[9.705s] -- Up-to-date: /home/plsh/robotics_ws/install/week1_nodes/share/ament_index/resource_index/package_run_dependencies/week1_nodes
[9.705s] -- Installing: /home/plsh/robotics_ws/install/week1_nodes/share/ament_index/resource_index/parent_prefix_path/week1_nodes
[9.706s] -- Up-to-date: /home/plsh/robotics_ws/install/week1_nodes/share/week1_nodes/environment/ament_prefix_path.sh
[9.706s] -- Up-to-date: /home/plsh/robotics_ws/install/week1_nodes/share/week1_nodes/environment/ament_prefix_path.dsv
[9.706s] -- Up-to-date: /home/plsh/robotics_ws/install/week1_nodes/share/week1_nodes/environment/path.sh
[9.706s] -- Up-to-date: /home/plsh/robotics_ws/install/week1_nodes/share/week1_nodes/environment/path.dsv
[9.706s] -- Up-to-date: /home/plsh/robotics_ws/install/week1_nodes/share/week1_nodes/local_setup.bash
[9.707s] -- Up-to-date: /home/plsh/robotics_ws/install/week1_nodes/share/week1_nodes/local_setup.fish
[9.707s] -- Up-to-date: /home/plsh/robotics_ws/install/week1_nodes/share/week1_nodes/local_setup.sh
[9.707s] -- Up-to-date: /home/plsh/robotics_ws/install/week1_nodes/share/week1_nodes/local_setup.zsh
[9.707s] -- Up-to-date: /home/plsh/robotics_ws/install/week1_nodes/share/week1_nodes/local_setup.dsv
[9.707s] -- Installing: /home/plsh/robotics_ws/install/week1_nodes/share/week1_nodes/package.dsv
[9.707s] -- Up-to-date: /home/plsh/robotics_ws/install/week1_nodes/share/ament_index/resource_index/packages/week1_nodes
[9.707s] -- Up-to-date: /home/plsh/robotics_ws/install/week1_nodes/share/week1_nodes/cmake/week1_nodesConfig.cmake
[9.707s] -- Up-to-date: /home/plsh/robotics_ws/install/week1_nodes/share/week1_nodes/cmake/week1_nodesConfig-version.cmake
[9.707s] -- Up-to-date: /home/plsh/robotics_ws/install/week1_nodes/share/week1_nodes/package.xml
[9.711s] Invoked command in '/home/plsh/robotics_ws/build/week1_nodes' returned '0': CMAKE_PREFIX_PATH=${CMAKE_PREFIX_PATH}:/opt/ros/lyrical DEBUGINFOD_URLS=https://debuginfod.ubuntu.com /usr/bin/cmake --install /home/plsh/robotics_ws/build/week1_nodes
